
Setting tmp dir to value of environment variable TMPDIR:
  /var/folders/4w/c05_ppdx6n9_tx33rmpnzh600000gn/T/

; file: /Users/nishant/PVS/pvslib/MetiTarski/metit\.lisp
; in: DEFUN TRANSLATE-TO-METITARSKI-GLOBAL-VARIABLE
;     (PVS::METIT-ID-NAME "V")
; 
; caught STYLE-WARNING:
;   undefined function: PVS::METIT-ID-NAME
; 
; compilation unit finished
;   Undefined function:
;     METIT-ID-NAME
;   caught 1 STYLE-WARNING condition

; file: /Users/nishant/PVS/pvslib/MetiTarski/metit\.lisp
; in: DEFMETHOD TRANSLATE-TO-METITARSKI* (NAME-EXPR T)
;     (PVS::METIT-INTERPRETATION PVS:EXPR)
; 
; caught STYLE-WARNING:
;   undefined function: PVS::METIT-INTERPRETATION
; 
; compilation unit finished
;   Undefined function:
;     METIT-INTERPRETATION
;   caught 1 STYLE-WARNING condition

; file: /Users/nishant/PVS/pvslib/MetiTarski/metit\.lisp
; in: DEFMETHOD TRANSLATE-TO-METITARSKI* (RATIONAL-EXPR T)
;     (DEFMETHOD PVS::TRANSLATE-TO-METITARSKI*
;                ((PVS:EXPR PVS::RATIONAL-EXPR) PVS:BINDINGS)
;       (IF (PVS::NUMBER-EXPR? PVS:EXPR)
;           (PVS:NUMBER PVS:EXPR)
;           (LET ((PVS::RAT #))
;             (FORMAT NIL "(~a / ~a)" (NUMERATOR PVS::RAT)
;                     (DENOMINATOR PVS::RAT)))))
; 
; caught STYLE-WARNING:
;   Call to PVS::NUMBER-EXPR? could not be inlined because its source code was not
;   saved. A global INLINE or SB-EXT:MAYBE-INLINE proclamation must be in effect to
;   save function definitions for inlining.
; 
; compilation unit finished
;   caught 1 STYLE-WARNING condition

; file: /Users/nishant/PVS/pvslib/MetiTarski/metit\.lisp
; in: DEFMETHOD TRANSLATE-TO-METITARSKI* (APPLICATION T)
;     (DEFMETHOD PVS::TRANSLATE-TO-METITARSKI*
;                ((PVS:EXPR PVS:APPLICATION) PVS:BINDINGS)
;       (WITH-SLOTS (PVS:OPERATOR PVS:ARGUMENT)
;           PVS:EXPR
;         (IF (PVS::NAME-EXPR? PVS:OPERATOR)
;             (LET* (#)
;               (CASE PVS::OP-ID # # # # # # # # # #))
;             (PVS::TRANSLATE-TO-METITARSKI-GLOBAL-VARIABLE PVS:EXPR))))
; 
; caught STYLE-WARNING:
;   Call to PVS::NAME-EXPR? could not be inlined because its source code was not
;   saved. A global INLINE or SB-EXT:MAYBE-INLINE proclamation must be in effect to
;   save function definitions for inlining.
; 
; caught STYLE-WARNING:
;   Call to PVS::UNARY-APPLICATION? could not be inlined because its source code
;   was not saved. A global INLINE or SB-EXT:MAYBE-INLINE proclamation must be in
;   effect to save function definitions for inlining.

; file: /Users/nishant/PVS/pvslib/MetiTarski/metit\.lisp
; in: DEFMETHOD TRANSLATE-TO-METITARSKI* (APPLICATION T)
;     (PVS::METIT-INTERPRETATION PVS:OPERATOR)
; 
; caught STYLE-WARNING:
;   undefined function: PVS::METIT-INTERPRETATION
; 
; compilation unit finished
;   Undefined function:
;     METIT-INTERPRETATION
;   caught 3 STYLE-WARNING conditions

; file: /Users/nishant/PVS/pvslib/MetiTarski/metit\.lisp
; in: DEFUN METIT-INTERPRETATION
;     (DEFUN PVS::METIT-INTERPRETATION (PVS:NAME-EXPR)
;       (ASSERT (PVS::NAME-EXPR? PVS:NAME-EXPR))
;       (LET* ((PVS::ID-ASSOC (CDR #)) (PVS::MOD-ASSOC (CDR #)))
;         PVS::MOD-ASSOC))
; 
; caught STYLE-WARNING:
;   Call to PVS::NAME-EXPR? could not be inlined because its source code was not
;   saved. A global INLINE or SB-EXT:MAYBE-INLINE proclamation must be in effect to
;   save function definitions for inlining.
; 
; compilation unit finished
;   caught 1 STYLE-WARNING condition

; file: /Users/nishant/PVS/pvslib/MetiTarski/metit\.lisp
; in: DEFMETHOD TRANSLATE-TO-METITARSKI* (QUANT-EXPR T)
;     (DEFMETHOD PVS::TRANSLATE-TO-METITARSKI*
;                ((PVS:EXPR PVS:QUANT-EXPR) PVS:BINDINGS)
;       (LET ((PVS::NEW-EXPR (PVS::LIFT-PREDICATES-IN-QUANTIFIER PVS:EXPR #)))
;         (WITH-SLOTS ((PVS::EXPR-BINDINGS PVS:BINDINGS) PVS:EXPRESSION)
;             PVS::NEW-EXPR
;           (MULTIPLE-VALUE-BIND (PVS::NEWBINDINGS PVS::BINDVARS)
;               (PVS::TRANSLATE-METIT-BINDINGS PVS::EXPR-BINDINGS PVS:BINDINGS NIL)
;             (LET #
;               #)))))
; 
; caught STYLE-WARNING:
;   Call to PVS::FORALL-EXPR? could not be inlined because its source code was not
;   saved. A global INLINE or SB-EXT:MAYBE-INLINE proclamation must be in effect to
;   save function definitions for inlining.
; 
; caught STYLE-WARNING:
;   Call to PVS::EXISTS-EXPR? could not be inlined because its source code was not
;   saved. A global INLINE or SB-EXT:MAYBE-INLINE proclamation must be in effect to
;   save function definitions for inlining.
; 
; compilation unit finished
;   caught 2 STYLE-WARNING conditions

Defining METIT. Loading prelude library pvsio_utils (/Users/nishant/PVS/pvslib/pvsio_utils/)

*** 
*** Processing proofscript.pvs (23:23:40 2/5/2025)
*** Generated by proveit 7.1.0 (Nov 05, 2020)
*** Trusted Oracles
***   METIT: Try (help METIT)
*** 
Context changed to /Users/nishant/University of Michigan Dropbox/Nishant Kheterpal/research/automatic-safety-proofs/pvs-proofs/
No theories given